// Jest Snapshot v1, https://goo.gl/fbAQLP

exports[`_getManifestResponseAsync returns a code signed manifest with expo-root chain when requested 1`] = `
"-----BEGIN CERTIFICATE-----
  MIIDxzCCAq+gAwIBAgIJPwjUxmTw0yorMA0GCSqGSIb3DQEBCwUAMHkxHDAaBgNV
  BAMTE0V4cG8gR28gQ2VydGlmaWNhdGUxCzAJBgNVBAYTAlVTMRMwEQYDVQQIEwpD
  YWxpZm9ybmlhMRIwEAYDVQQHEwlQYWxvIEFsdG8xDTALBgNVBAoTBEV4cG8xFDAS
  BgNVBAsTC0VuZ2luZWVyaW5nMB4XDTIyMDMxMjE3NTczOVoXDTIyMDQxMTE2NTcz
  OVowTzFNMEsGA1UEAxNERXhwbyBHbyBEZXZlbG9wbWVudCBDZXJ0aWZpY2F0ZSAy
  ODVkYzljYS1hMjVkLTRmNjAtOTNiZS0zNmRjMzEyMjY2ZDcwggEiMA0GCSqGSIb3
  DQEBAQUAA4IBDwAwggEKAoIBAQC0OkXb4R5SRbPRnR/KQJx3T/D3XXT4FIFINcOf
  ykRAtkKd/j1gIrlm4e62366ITJZ80tzYJ47AYENFIcviSPWhuOYHwoVT9h8PjKdf
  aVOpqkacX9XJ9VAUF/QgB7mx3HZGNtbkDUSXrzEpyyLvlHuJvjiR1FO2hHuPcGBy
  nFkHK+4lwCsHrBltXOPDvprkmRs2pJ3TX6CBh3lPoUZ5vMU9nCLYmr0vSpVYd/Jz
  pd9hdkDNLzUS8mldjcF9kgeNW87XdIj6TiPgrjPl5MltZJM4kpm8f0Cgx8Yr0m3x
  qHZGQAtOpBVzAO9SsudLDcX8srA2ZnuBPj9JqsCd3Z1bRjMxAgMBAAGjfDB6MA4G
  A1UdDwEB/wQEAwIHgDAWBgNVHSUBAf8EDDAKBggrBgEFBQcDAzBQBh4qhkiG9xQB
  vkCTeoLTLYF+gQBmgR2D4ep1gZ9XAgEELjI4NWRjOWNhLWEyNWQtNGY2MC05M2Jl
  LTM2ZGMzMTIyNjZkNyxAdGVzdC9hcHAwDQYJKoZIhvcNAQELBQADggEBAB0egBAv
  bkqvuLy5h2faz9XEkwTBtnmuY2maGDU4n3qgBKuoP06aOaqLNymqF5l3ymQjkoG/
  FJIy81l2PM8E0q3SSo9aagrYazD0RGqwvhll4B7l6qcaAvaPRl2WVN2Dd4UVC08v
  iJLSY4ho7KsxmLejxOFSGa8gHokJoT1378Rws7ESuENBBVnRSDmxhIMhZg+dKdaN
  69F4DH/JE/zfiCWlO9Wwe2GICfJFY21wDEklbxl0oeirE6MhPWOwUmLRNttMX2PY
  ncRkbVz/rQMFbb/8vyGGd/s7zBzgzSmErM+I3K2fUuHQQe+HhLQ539FLRE6iqx4p
  LGtk6qIqD0tvNfA=
  -----END CERTIFICATE-----
-----BEGIN CERTIFICATE-----
    MIIDtTCCAp2gAwIBAgIJOzyHLivOO4R2MA0GCSqGSIb3DQEBCwUAMHsxHjAcBgNV
    BAMTFUV4cG8gUm9vdCBDZXJ0aWZpY2F0ZTELMAkGA1UEBhMCVVMxEzARBgNVBAgT
    CkNhbGlmb3JuaWExEjAQBgNVBAcTCVBhbG8gQWx0bzENMAsGA1UEChMERXhwbzEU
    MBIGA1UECxMLRW5naW5lZXJpbmcwHhcNMjIwMzEyMTc1NzM5WhcNMjQwMzEyMTY1
    NzM5WjB5MRwwGgYDVQQDExNFeHBvIEdvIENlcnRpZmljYXRlMQswCQYDVQQGEwJV
    UzETMBEGA1UECBMKQ2FsaWZvcm5pYTESMBAGA1UEBxMJUGFsbyBBbHRvMQ0wCwYD
    VQQKEwRFeHBvMRQwEgYDVQQLEwtFbmdpbmVlcmluZzCCASIwDQYJKoZIhvcNAQEB
    BQADggEPADCCAQoCggEBAMk7quEu5Jgi9ogV4IVyWdfAxlu14fsbBTo04Nu02f+2
    o9iyVi4pSo6QBog8UXetFiujRssBP04G7UAp4R7ZAczY9QwRRYbeC2caTvan6ibs
    D7QD59pDbvizeQXWg9SiQrjkCS16NcFm6m2WF3ZHyw+dQNAv691aBIIUrLRkykmr
    OYqTK2mAoVyGHPvvqcp4EpbOVzKfk0APSstbHbwQM5eU8nxPca7ExY+cWShUPqGF
    dmfz0VMrHAhwWBJh0+5mTfPAW4mKQXY4K0PCDrgWmNl4zq0z81uU4txemTBvRKei
    TxlqB3X7HfPKgv3XnrBDlsz/qyRQStNCzLg5/h9F6lMCAwEAAaM+MDwwEgYDVR0T
    AQH/BAgwBgEB/wIBADAOBgNVHQ8BAf8EBAMCAYYwFgYDVR0lAQH/BAwwCgYIKwYB
    BQUHAwMwDQYJKoZIhvcNAQELBQADggEBAI7VMf1Xi2onC7rJt7b8tgXcAEPX8EMe
    Aa4xuBeT5vJKgVk6OCF12StjjLTzjGx9cnhegbgNfjOUQVBJYTn7UubhzDBB8kSm
    tTzZ8kTMmOEvzbm5+lRvd/9tJCoeBpwFGw2ArjYNLhDrElWdqZKcwoKvJ/X0TSGx
    QZuSXE5oWjKVUidovOiEXgCm5Fsrr7FjDPHyCqvYjbmTGK+0N8LVFuR6teWVs9dH
    5MOzNkeB93i2zcKa8Jk4q9wEjpX12luFe6UvTsKZQrBIrqlI0FdZ772G0IzTpaSV
    VGW3wyFSeIA3AuNLpSUxR6P2ks2H+R9Y08voHiUVxcBsmLFSKVOhrnc=
    -----END CERTIFICATE-----"
`;
